time="2026-09-01T01:59:10+05:30" level=warning msg="C:\\Users\\MaheshSutar(CloudPla\\Downloads\\formcraft\\formcraft-plm\\formcraft-plm\\docker-compose.yml: the attribute `version` is obsolete, it will be ignored, please remove it to avoid potential confusion"
 Image formcraft-plm-formcraft-app Building 
#1 [internal] load local bake definitions
#1 reading from stdin 659B done
#1 DONE 0.0s

#2 [internal] load build definition from Dockerfile
#2 transferring dockerfile: 1.15kB 0.0s done
#2 DONE 0.0s

#3 [internal] load metadata for docker.io/library/maven:3.9.6-eclipse-temurin-21
#3 DONE 0.1s

#4 [internal] load metadata for docker.io/library/eclipse-temurin:21-jre-jammy
#4 ...

#5 [auth] library/eclipse-temurin:pull token for registry-1.docker.io
#5 DONE 0.0s

#4 [internal] load metadata for docker.io/library/eclipse-temurin:21-jre-jammy
#4 DONE 2.7s

#6 [internal] load .dockerignore
#6 transferring context: 2B done
#6 DONE 0.0s

#7 [builder 1/6] FROM docker.io/library/maven:3.9.6-eclipse-temurin-21@sha256:8d63d4c1902cb12d9e79a70671b18ebe26358cb592561af33ca1808f00d935cb
#7 resolve docker.io/library/maven:3.9.6-eclipse-temurin-21@sha256:8d63d4c1902cb12d9e79a70671b18ebe26358cb592561af33ca1808f00d935cb 0.1s done
#7 DONE 0.1s

#8 [stage-1 1/5] FROM docker.io/library/eclipse-temurin:21-jre-jammy@sha256:eebd356ad7358b7094758e5787a6726f332917cfd56feab6457c56dab895cdbf
#8 resolve docker.io/library/eclipse-temurin:21-jre-jammy@sha256:eebd356ad7358b7094758e5787a6726f332917cfd56feab6457c56dab895cdbf 0.1s done
#8 DONE 0.1s

#9 [internal] load build context
#9 transferring context: 20.25kB 0.1s done
#9 DONE 0.1s

#10 [builder 2/6] WORKDIR /build
#10 CACHED

#11 [builder 3/6] COPY pom.xml .
#11 CACHED

#12 [builder 4/6] RUN mvn dependency:go-offline -q
#12 CACHED

#13 [builder 5/6] COPY src ./src
#13 DONE 0.1s

#14 [builder 6/6] RUN mvn clean package -DskipTests -q
#14 DONE 11.8s

#15 [stage-1 2/5] WORKDIR /app
#15 CACHED

#16 [stage-1 3/5] RUN groupadd --system formcraft && useradd --system --gid formcraft formcraft
#16 CACHED

#17 [stage-1 4/5] COPY --from=builder /build/target/formcraft-plm-1.0.0.jar app.jar
#17 DONE 0.1s

#18 [stage-1 5/5] RUN chown formcraft:formcraft app.jar
#18 DONE 0.4s

#19 exporting to image
#19 exporting layers
#19 exporting layers 2.1s done
#19 exporting manifest sha256:f229058793a3ee88e859951dd17502522396043a09e7dc9d8984dc606bdbad16 0.0s done
#19 exporting config sha256:8374ffdf18e2e53c8aa7df36bffd5c9698fd04e8e52dfe091cae059dca3d7247 0.0s done
#19 exporting attestation manifest sha256:7a71d0834d0e581c52b48bc427cbefbe9bbc56411fefc340af8d2506814a307d 0.0s done
#19 exporting manifest list sha256:c852f1cd965fa494c500feaea686e30928090e2e746cd254f0a2e7dc8c8ee282 0.0s done
#19 naming to docker.io/library/formcraft-plm-formcraft-app:latest
#19 naming to docker.io/library/formcraft-plm-formcraft-app:latest done
#19 unpacking to docker.io/library/formcraft-plm-formcraft-app:latest
#19 unpacking to docker.io/library/formcraft-plm-formcraft-app:latest 0.9s done
#19 DONE 3.2s

#20 resolving provenance for metadata file
#20 DONE 0.0s
 Image formcraft-plm-formcraft-app Built 
 Container formcraft-db Running 
 Container formcraft-plm Recreate 
 Container formcraft-plm Recreated 
 Container formcraft-db Waiting 
 Container formcraft-db Healthy 
 Container formcraft-plm Starting 
 Container formcraft-plm Started 
