time="2026-09-01T01:47:17+05:30" level=warning msg="C:\\Users\\MaheshSutar(CloudPla\\Downloads\\formcraft\\formcraft-plm\\formcraft-plm\\docker-compose.yml: the attribute `version` is obsolete, it will be ignored, please remove it to avoid potential confusion"
 Image formcraft-plm-formcraft-app Building 
#1 [internal] load local bake definitions
#1 reading from stdin 659B done
#1 DONE 0.0s

#2 [internal] load build definition from Dockerfile
#2 transferring dockerfile: 1.15kB 0.0s done
#2 DONE 0.0s

#3 [internal] load metadata for docker.io/library/maven:3.9.6-eclipse-temurin-21
#3 DONE 0.0s

#4 [internal] load metadata for docker.io/library/eclipse-temurin:21-jre-jammy
#4 DONE 1.8s

#5 [internal] load .dockerignore
#5 transferring context: 2B done
#5 DONE 0.0s

#6 [builder 1/6] FROM docker.io/library/maven:3.9.6-eclipse-temurin-21@sha256:8d63d4c1902cb12d9e79a70671b18ebe26358cb592561af33ca1808f00d935cb
#6 resolve docker.io/library/maven:3.9.6-eclipse-temurin-21@sha256:8d63d4c1902cb12d9e79a70671b18ebe26358cb592561af33ca1808f00d935cb 0.0s done
#6 DONE 0.0s

#7 [stage-1 1/5] FROM docker.io/library/eclipse-temurin:21-jre-jammy@sha256:eebd356ad7358b7094758e5787a6726f332917cfd56feab6457c56dab895cdbf
#7 resolve docker.io/library/eclipse-temurin:21-jre-jammy@sha256:eebd356ad7358b7094758e5787a6726f332917cfd56feab6457c56dab895cdbf 0.0s done
#7 DONE 0.0s

#8 [internal] load build context
#8 transferring context: 16.77kB 0.1s done
#8 DONE 0.1s

#9 [builder 2/6] WORKDIR /build
#9 CACHED

#10 [builder 3/6] COPY pom.xml .
#10 CACHED

#11 [builder 4/6] RUN mvn dependency:go-offline -q
#11 CACHED

#12 [builder 5/6] COPY src ./src
#12 DONE 0.1s

#13 [builder 6/6] RUN mvn clean package -DskipTests -q
#13 DONE 12.8s

#14 [stage-1 2/5] WORKDIR /app
#14 CACHED

#15 [stage-1 3/5] RUN groupadd --system formcraft && useradd --system --gid formcraft formcraft
#15 CACHED

#16 [stage-1 4/5] COPY --from=builder /build/target/formcraft-plm-1.0.0.jar app.jar
#16 DONE 0.1s

#17 [stage-1 5/5] RUN chown formcraft:formcraft app.jar
#17 DONE 0.4s

#18 exporting to image
#18 exporting layers
#18 exporting layers 2.0s done
#18 exporting manifest sha256:af365eeab29d145429d74d6d4c4b1eb73ed2f097f4f4f6ae9ae17d266e44b08e 0.0s done
#18 exporting config sha256:ef542040d8220fdbdaf8a830cd6aacd4e1aed9401e443fd532f5de4f03189fd9 0.0s done
#18 exporting attestation manifest sha256:81bd6f8c804f6e3a0c479ef062c9eb0cd51495f1d237447513e3ddb97c3d826b 0.0s done
#18 exporting manifest list sha256:2cd70348e61d32cc4cf32952ad9e6aa3be8c697b905bb46b64abeaf2ba5c2928
#18 exporting manifest list sha256:2cd70348e61d32cc4cf32952ad9e6aa3be8c697b905bb46b64abeaf2ba5c2928 0.0s done
#18 naming to docker.io/library/formcraft-plm-formcraft-app:latest done
#18 unpacking to docker.io/library/formcraft-plm-formcraft-app:latest
#18 unpacking to docker.io/library/formcraft-plm-formcraft-app:latest 0.9s done
#18 DONE 3.1s

#19 resolving provenance for metadata file
#19 DONE 0.0s
 Image formcraft-plm-formcraft-app Built 
 Container formcraft-db Running 
 Container formcraft-plm Recreate 
 Container formcraft-plm Recreated 
 Container formcraft-db Waiting 
 Container formcraft-db Healthy 
 Container formcraft-plm Starting 
 Container formcraft-plm Started 
