time="2026-09-01T01:54:49+05:30" level=warning msg="C:\\Users\\MaheshSutar(CloudPla\\Downloads\\formcraft\\formcraft-plm\\formcraft-plm\\docker-compose.yml: the attribute `version` is obsolete, it will be ignored, please remove it to avoid potential confusion"
 Image formcraft-plm-formcraft-app Building 
#1 [internal] load local bake definitions
#1 reading from stdin 659B done
#1 DONE 0.0s

#2 [internal] load build definition from Dockerfile
#2 transferring dockerfile: 1.15kB 0.0s done
#2 DONE 0.1s

#3 [internal] load metadata for docker.io/library/maven:3.9.6-eclipse-temurin-21
#3 DONE 0.1s

#4 [internal] load metadata for docker.io/library/eclipse-temurin:21-jre-jammy
#4 DONE 1.7s

#5 [internal] load .dockerignore
#5 transferring context: 2B done
#5 DONE 0.0s

#6 [internal] load build context
#6 DONE 0.0s

#7 [stage-1 1/5] FROM docker.io/library/eclipse-temurin:21-jre-jammy@sha256:eebd356ad7358b7094758e5787a6726f332917cfd56feab6457c56dab895cdbf
#7 resolve docker.io/library/eclipse-temurin:21-jre-jammy@sha256:eebd356ad7358b7094758e5787a6726f332917cfd56feab6457c56dab895cdbf 0.1s done
#7 DONE 0.1s

#8 [builder 1/6] FROM docker.io/library/maven:3.9.6-eclipse-temurin-21@sha256:8d63d4c1902cb12d9e79a70671b18ebe26358cb592561af33ca1808f00d935cb
#8 resolve docker.io/library/maven:3.9.6-eclipse-temurin-21@sha256:8d63d4c1902cb12d9e79a70671b18ebe26358cb592561af33ca1808f00d935cb 0.1s done
#8 DONE 0.1s

#6 [internal] load build context
#6 transferring context: 22.38kB 0.1s done
#6 DONE 0.1s

#9 [builder 2/6] WORKDIR /build
#9 CACHED

#10 [builder 3/6] COPY pom.xml .
#10 DONE 0.1s

#11 [builder 4/6] RUN mvn dependency:go-offline -q
#11 DONE 80.9s

#12 [builder 5/6] COPY src ./src
#12 DONE 0.2s

#13 [builder 6/6] RUN mvn clean package -DskipTests -q
#13 DONE 11.4s

#14 [stage-1 2/5] WORKDIR /app
#14 CACHED

#15 [stage-1 3/5] RUN groupadd --system formcraft && useradd --system --gid formcraft formcraft
#15 CACHED

#16 [stage-1 4/5] COPY --from=builder /build/target/formcraft-plm-1.0.0.jar app.jar
#16 DONE 0.1s

#17 [stage-1 5/5] RUN chown formcraft:formcraft app.jar
#17 DONE 0.4s

#18 exporting to image
#18 exporting layers
#18 exporting layers 2.0s done
#18 exporting manifest sha256:94a35b3bc36845c45271d8d10d0c070b09df5545e316f7914299e9424de38cc1 0.0s done
#18 exporting config sha256:22272233edd1c62849a0b68551a4fbbcfb5b40ddd9ec162667b06621d7ec522f 0.0s done
#18 exporting attestation manifest sha256:8d19dc09a8b74a11dc758174e5882bbb04f0ca74a34b17da6fdd6f55b8b57ca1 0.0s done
#18 exporting manifest list sha256:1a5013473508b5834a30c01e8d73881ec8b431a5bcca4a18da5e2c9967145916
#18 exporting manifest list sha256:1a5013473508b5834a30c01e8d73881ec8b431a5bcca4a18da5e2c9967145916 0.0s done
#18 naming to docker.io/library/formcraft-plm-formcraft-app:latest done
#18 unpacking to docker.io/library/formcraft-plm-formcraft-app:latest
#18 unpacking to docker.io/library/formcraft-plm-formcraft-app:latest 0.9s done
#18 DONE 3.1s

#19 resolving provenance for metadata file
#19 DONE 0.0s
 Image formcraft-plm-formcraft-app Built 
 Container formcraft-db Running 
 Container formcraft-plm Recreate 
 Container formcraft-plm Recreated 
 Container formcraft-db Waiting 
 Container formcraft-db Healthy 
 Container formcraft-plm Starting 
 Container formcraft-plm Started 
