time="2026-09-01T01:39:36+05:30" level=warning msg="C:\\Users\\MaheshSutar(CloudPla\\Downloads\\formcraft\\formcraft-plm\\formcraft-plm\\docker-compose.yml: the attribute `version` is obsolete, it will be ignored, please remove it to avoid potential confusion"
 Image formcraft-plm-formcraft-app Building 
 Image formcraft-plm-formcraft-frontend Building 
#1 [internal] load local bake definitions
#1 reading from stdin 1.29kB done
#1 DONE 0.0s

#2 [formcraft-frontend internal] load build definition from Dockerfile
#2 transferring dockerfile: 872B 0.0s done
#2 DONE 0.1s

#3 [formcraft-app internal] load build definition from Dockerfile
#3 transferring dockerfile: 1.15kB 0.0s done
#3 DONE 0.1s

#4 [formcraft-app internal] load metadata for docker.io/library/maven:3.9.6-eclipse-temurin-21
#4 DONE 0.1s

#5 [formcraft-app internal] load metadata for docker.io/library/eclipse-temurin:21-jre-jammy
#5 ...

#6 [auth] library/eclipse-temurin:pull token for registry-1.docker.io
#6 DONE 0.0s

#7 [auth] library/node:pull token for registry-1.docker.io
#7 DONE 0.0s

#8 [auth] library/nginx:pull token for registry-1.docker.io
#8 DONE 0.0s

#9 [formcraft-frontend internal] load metadata for docker.io/library/node:20-alpine
#9 DONE 2.8s

#10 [formcraft-frontend internal] load metadata for docker.io/library/nginx:alpine
#10 DONE 3.4s

#5 [formcraft-app internal] load metadata for docker.io/library/eclipse-temurin:21-jre-jammy
#5 ...

#11 [formcraft-frontend internal] load .dockerignore
#11 transferring context: 2B done
#11 DONE 0.1s

#12 [formcraft-frontend internal] load build context
#12 DONE 0.0s

#13 [formcraft-frontend builder 1/6] FROM docker.io/library/node:20-alpine@sha256:fb4cd12c85ee03686f6af5362a0b0d56d50c58a04632e6c0fb8363f609372293
#13 resolve docker.io/library/node:20-alpine@sha256:fb4cd12c85ee03686f6af5362a0b0d56d50c58a04632e6c0fb8363f609372293 0.1s done
#13 DONE 0.1s

#14 [formcraft-frontend builder 2/6] WORKDIR /app
#14 CACHED

#15 [formcraft-frontend stage-1 1/4] FROM docker.io/library/nginx:alpine@sha256:db35bfc6b2951e7f8a72db5db120288c127ffaeeb4a6d4b95a26fead017d5913
#15 resolve docker.io/library/nginx:alpine@sha256:db35bfc6b2951e7f8a72db5db120288c127ffaeeb4a6d4b95a26fead017d5913 0.1s done
#15 DONE 0.4s

#12 [formcraft-frontend internal] load build context
#12 ...

#5 [formcraft-app internal] load metadata for docker.io/library/eclipse-temurin:21-jre-jammy
#5 DONE 3.9s

#12 [formcraft-frontend internal] load build context
#12 ...

#16 [formcraft-app internal] load .dockerignore
#16 transferring context: 2B done
#16 DONE 0.0s

#17 [formcraft-app internal] load build context
#17 DONE 0.0s

#12 [formcraft-frontend internal] load build context
#12 ...

#17 [formcraft-app internal] load build context
#17 transferring context: 317.01kB 0.3s done
#17 DONE 0.4s

#12 [formcraft-frontend internal] load build context
#12 ...

#18 [formcraft-app builder 1/6] FROM docker.io/library/maven:3.9.6-eclipse-temurin-21@sha256:8d63d4c1902cb12d9e79a70671b18ebe26358cb592561af33ca1808f00d935cb
#18 resolve docker.io/library/maven:3.9.6-eclipse-temurin-21@sha256:8d63d4c1902cb12d9e79a70671b18ebe26358cb592561af33ca1808f00d935cb 0.1s done
#18 DONE 0.8s

#12 [formcraft-frontend internal] load build context
#12 ...

#19 [formcraft-app builder 2/6] WORKDIR /build
#19 DONE 0.2s

#12 [formcraft-frontend internal] load build context
#12 ...

#20 [formcraft-app builder 3/6] COPY pom.xml .
#20 DONE 0.1s

#12 [formcraft-frontend internal] load build context
#12 ...

#15 [formcraft-frontend stage-1 1/4] FROM docker.io/library/nginx:alpine@sha256:db35bfc6b2951e7f8a72db5db120288c127ffaeeb4a6d4b95a26fead017d5913
#15 sha256:fb597529c91648bab2279939e01b745210875081852c73000aed882c000ff5de 20.50MB / 20.50MB 2.7s done
#15 sha256:da4dea1b00afb53e163ae330a511ecd6978371d99794c80f439b83b609eb9d66 1.40kB / 1.40kB 1.1s done
#15 sha256:8cdfe4f237782ae36780c4634b1457e8d6efa6f929fc3e46b0a2074ba54acd56 1.21kB / 1.21kB 1.2s done
#15 sha256:0d62d88506ba127db40e7c137e3a2dcf65e563709676828820b8c82277a6caeb 404B / 404B 1.2s done
#15 sha256:1ed8e39a7434c8975957bb78530f191c92eecbd9c7309966192ba276a7c0ac61 955B / 955B 0.4s done
#15 sha256:0ea93572787841bba2f3921ece8dc2db925c22232a1388c766881ebe3bd3f67d 628B / 628B 0.3s done
#15 sha256:d94291c262619626bc7a27b61b090d85365e85c61f92ca49b190a26930121299 1.90MB / 1.90MB 2.2s done
#15 extracting sha256:d94291c262619626bc7a27b61b090d85365e85c61f92ca49b190a26930121299 0.3s done
#15 extracting sha256:0ea93572787841bba2f3921ece8dc2db925c22232a1388c766881ebe3bd3f67d 0.0s done
#15 extracting sha256:1ed8e39a7434c8975957bb78530f191c92eecbd9c7309966192ba276a7c0ac61 0.0s done
#15 DONE 4.3s

#12 [formcraft-frontend internal] load build context
#12 ...

#15 [formcraft-frontend stage-1 1/4] FROM docker.io/library/nginx:alpine@sha256:db35bfc6b2951e7f8a72db5db120288c127ffaeeb4a6d4b95a26fead017d5913
#15 extracting sha256:0d62d88506ba127db40e7c137e3a2dcf65e563709676828820b8c82277a6caeb 0.0s done
#15 extracting sha256:8cdfe4f237782ae36780c4634b1457e8d6efa6f929fc3e46b0a2074ba54acd56 0.0s done
#15 extracting sha256:da4dea1b00afb53e163ae330a511ecd6978371d99794c80f439b83b609eb9d66 0.0s done
#15 extracting sha256:fb597529c91648bab2279939e01b745210875081852c73000aed882c000ff5de 0.5s done
#15 DONE 5.0s

#12 [formcraft-frontend internal] load build context
#12 ...

#21 [formcraft-frontend stage-1 2/4] RUN rm /etc/nginx/conf.d/default.conf
#21 DONE 0.7s

#12 [formcraft-frontend internal] load build context
#12 transferring context: 48.79MB 5.9s
#12 ...

#22 [formcraft-app stage-1 1/5] FROM docker.io/library/eclipse-temurin:21-jre-jammy@sha256:eebd356ad7358b7094758e5787a6726f332917cfd56feab6457c56dab895cdbf
#22 resolve docker.io/library/eclipse-temurin:21-jre-jammy@sha256:eebd356ad7358b7094758e5787a6726f332917cfd56feab6457c56dab895cdbf 0.1s done
#22 sha256:ff37dd3e6677435a5003605d4a5e1cd51e291b40b54f2bf9ad8243ce9eb355e2 2.46kB / 2.46kB 0.3s done
#22 sha256:c8470e194d5a99efb1e998136d909eaf3bd470b230e1658660cb08545652698c 159B / 159B 0.5s done
#22 sha256:efe6dcdbdeb781cd9c123be485aeb4eb7a0f9dab2adc7be61089fe25edefc093 14.68MB / 53.10MB 8.4s
#22 sha256:a8d1d2db48694ba67a7736df1c8cd2f2efc22ed9c2509e596dc6dd53cd24b058 16.11MB / 16.11MB 6.1s done
#22 sha256:d544298cabd50e7c86bfef1e52b67f01db6b3a57bfecfe37a851873dee83e52a 3.15MB / 29.74MB 7.4s
#22 ...

#12 [formcraft-frontend internal] load build context
#12 transferring context: 52.82MB 11.0s
#12 ...

#23 [formcraft-app builder 4/6] RUN mvn dependency:go-offline -q
#23 ...

#12 [formcraft-frontend internal] load build context
#12 transferring context: 76.43MB 16.0s
#12 ...

#22 [formcraft-app stage-1 1/5] FROM docker.io/library/eclipse-temurin:21-jre-jammy@sha256:eebd356ad7358b7094758e5787a6726f332917cfd56feab6457c56dab895cdbf
#22 sha256:efe6dcdbdeb781cd9c123be485aeb4eb7a0f9dab2adc7be61089fe25edefc093 52.43MB / 53.10MB 14.2s
#22 sha256:d544298cabd50e7c86bfef1e52b67f01db6b3a57bfecfe37a851873dee83e52a 29.74MB / 29.74MB 15.8s done
#22 extracting sha256:d544298cabd50e7c86bfef1e52b67f01db6b3a57bfecfe37a851873dee83e52a
#22 ...

#12 [formcraft-frontend internal] load build context
#12 transferring context: 111.68MB 21.2s
#12 ...

#22 [formcraft-app stage-1 1/5] FROM docker.io/library/eclipse-temurin:21-jre-jammy@sha256:eebd356ad7358b7094758e5787a6726f332917cfd56feab6457c56dab895cdbf
#22 extracting sha256:d544298cabd50e7c86bfef1e52b67f01db6b3a57bfecfe37a851873dee83e52a 2.3s done
#22 extracting sha256:a8d1d2db48694ba67a7736df1c8cd2f2efc22ed9c2509e596dc6dd53cd24b058 1.4s done
#22 extracting sha256:efe6dcdbdeb781cd9c123be485aeb4eb7a0f9dab2adc7be61089fe25edefc093 2.2s done
#22 DONE 24.4s

#12 [formcraft-frontend internal] load build context
#12 ...

#22 [formcraft-app stage-1 1/5] FROM docker.io/library/eclipse-temurin:21-jre-jammy@sha256:eebd356ad7358b7094758e5787a6726f332917cfd56feab6457c56dab895cdbf
#22 extracting sha256:c8470e194d5a99efb1e998136d909eaf3bd470b230e1658660cb08545652698c 0.1s done
#22 extracting sha256:ff37dd3e6677435a5003605d4a5e1cd51e291b40b54f2bf9ad8243ce9eb355e2 0.0s done
#22 DONE 24.5s

#12 [formcraft-frontend internal] load build context
#12 transferring context: 145.11MB 26.4s
#12 ...

#24 [formcraft-app stage-1 2/5] WORKDIR /app
#24 DONE 1.7s

#12 [formcraft-frontend internal] load build context
#12 ...

#25 [formcraft-app stage-1 3/5] RUN groupadd --system formcraft && useradd --system --gid formcraft formcraft
#25 DONE 0.8s

#12 [formcraft-frontend internal] load build context
#12 transferring context: 148.76MB 27.6s done
#12 DONE 27.7s

#26 [formcraft-frontend builder 3/6] COPY package.json package-lock.json ./
#26 DONE 0.1s

#27 [formcraft-frontend stage-1 3/4] COPY nginx.conf /etc/nginx/conf.d/default.conf
#27 DONE 0.1s

#23 [formcraft-app builder 4/6] RUN mvn dependency:go-offline -q
#23 ...

#28 [formcraft-frontend builder 4/6] RUN npm ci
#28 9.858 
#28 9.858 added 71 packages, and audited 72 packages in 9s
#28 9.858 
#28 9.858 11 packages are looking for funding
#28 9.858   run `npm fund` for details
#28 9.859 
#28 9.859 found 0 vulnerabilities
#28 9.864 npm notice
#28 9.864 npm notice New major version of npm available! 10.8.2 -> 12.0.2
#28 9.864 npm notice Changelog: https://github.com/npm/cli/releases/tag/v12.0.2
#28 9.864 npm notice To update run: npm install -g npm@12.0.2
#28 9.864 npm notice
#28 DONE 10.7s

#23 [formcraft-app builder 4/6] RUN mvn dependency:go-offline -q
#23 ...

#29 [formcraft-frontend builder 5/6] COPY . .
#29 DONE 2.6s

#23 [formcraft-app builder 4/6] RUN mvn dependency:go-offline -q
#23 ...

#30 [formcraft-frontend builder 6/6] RUN npm run build
#30 0.593 
#30 0.593 > cprojectsintuitivepoc-siemens-aws-transformformcraft-plm-frontend@0.0.0 build
#30 0.593 > tsc -b && vite build
#30 0.593 
#30 8.109 vite v8.2.2 building client environment for production...
#30 8.167 transforming...
#30 8.435 ✓ 2433 modules transformed.
#30 8.610 rendering chunks...
#30 8.839 computing gzip size...
#30 8.853 dist/index.html                   0.51 kB │ gzip:   0.33 kB
#30 8.853 dist/assets/index-vxMLjAbw.css    4.29 kB │ gzip:   1.50 kB
#30 8.853 dist/assets/index--InvQGL9.js   722.32 kB │ gzip: 202.48 kB
#30 8.853 
#30 8.855 ✓ built in 740ms
#30 8.856 [plugin builtin:vite-reporter] 
#30 8.856 (!) Some chunks are larger than 500 kB after minification. Consider:
#30 8.856 - Using dynamic import() to code-split the application
#30 8.856 - Use build.rolldownOptions.output.codeSplitting to improve chunking: https://rolldown.rs/reference/OutputOptions.codeSplitting
#30 8.856 - Adjust chunk size limit for this warning via build.chunkSizeWarningLimit.
#30 DONE 9.0s

#23 [formcraft-app builder 4/6] RUN mvn dependency:go-offline -q
#23 ...

#31 [formcraft-frontend stage-1 4/4] COPY --from=builder /app/dist /usr/share/nginx/html
#31 DONE 0.1s

#32 [formcraft-frontend] exporting to image
#32 exporting layers
#32 exporting layers 0.3s done
#32 exporting manifest sha256:50de1ab6f3a368cbf0b76332181ce04bc2d47b426a6eaa8d4a4e71cc67d17b5f 0.0s done
#32 exporting config sha256:c3ef150bc7f1a5ee22a82b9115fbcc60a26920c356d8b58971d7fb12e05ce8c7 0.0s done
#32 exporting attestation manifest sha256:3fc75fda5a1dfaecc79f9f05251e3cc4077f09d9672316401e949d112be7e78f 0.0s done
#32 exporting manifest list sha256:79aec3e2cb14b6ac44d6fa58c4aa45bb60db2cbda23227d207a6022ac5b2a045
#32 exporting manifest list sha256:79aec3e2cb14b6ac44d6fa58c4aa45bb60db2cbda23227d207a6022ac5b2a045 0.0s done
#32 naming to docker.io/library/formcraft-plm-formcraft-frontend:latest done
#32 unpacking to docker.io/library/formcraft-plm-formcraft-frontend:latest 0.1s done
#32 DONE 0.6s

#23 [formcraft-app builder 4/6] RUN mvn dependency:go-offline -q
#23 ...

#33 [formcraft-frontend] resolving provenance for metadata file
#33 DONE 0.0s

#23 [formcraft-app builder 4/6] RUN mvn dependency:go-offline -q
#23 DONE 93.1s

#34 [formcraft-app builder 5/6] COPY src ./src
#34 DONE 0.2s

#35 [formcraft-app builder 6/6] RUN mvn clean package -DskipTests -q
#35 DONE 12.0s

#36 [formcraft-app stage-1 4/5] COPY --from=builder /build/target/formcraft-plm-1.0.0.jar app.jar
#36 DONE 0.2s

#37 [formcraft-app stage-1 5/5] RUN chown formcraft:formcraft app.jar
#37 DONE 0.5s

#38 [formcraft-app] exporting to image
#38 exporting layers
#38 exporting layers 2.2s done
#38 exporting manifest sha256:548430729d54cb6fb949132b62b736d8ad35b218f99fe70f5f90eb817fbe9b39 0.0s done
#38 exporting config sha256:4e009c95149cfeb5e3d2b20fb8d2d5f7f7e542551a16d958717798573abfcc09 0.0s done
#38 exporting attestation manifest sha256:1c633a04cc688700c6a3d3e69d0dc2fdf53c62c7e96c142d13861622058d55f5 0.0s done
#38 exporting manifest list sha256:42573845ee6af107a8934c2ce71194baf4478ae63037e54f0791f7c494b5f859
#38 exporting manifest list sha256:42573845ee6af107a8934c2ce71194baf4478ae63037e54f0791f7c494b5f859 0.0s done
#38 naming to docker.io/library/formcraft-plm-formcraft-app:latest done
#38 unpacking to docker.io/library/formcraft-plm-formcraft-app:latest
#38 unpacking to docker.io/library/formcraft-plm-formcraft-app:latest 0.9s done
#38 DONE 3.3s

#39 [formcraft-app] resolving provenance for metadata file
#39 DONE 0.0s
 Image formcraft-plm-formcraft-app Built 
 Image formcraft-plm-formcraft-frontend Built 
 Network formcraft-plm_formcraft-network Creating 
 Network formcraft-plm_formcraft-network Created 
 Volume formcraft-plm_formcraft_db_data Creating 
 Volume formcraft-plm_formcraft_db_data Created 
 Container formcraft-db Creating 
 Container formcraft-db Created 
 Container formcraft-plm Creating 
 Container formcraft-plm Created 
 Container formcraft-plm-frontend Creating 
 Container formcraft-plm-frontend Created 
 Container formcraft-db Starting 
 Container formcraft-db Started 
 Container formcraft-db Waiting 
 Container formcraft-db Healthy 
 Container formcraft-plm Starting 
 Container formcraft-plm Started 
 Container formcraft-plm-frontend Starting 
 Container formcraft-plm-frontend Started 
