[INFO] Scanning for projects...
[INFO] 
[INFO] ---------------------< fr.formcraft:formcraft-plm >---------------------
[INFO] Building FormCraft PLM 1.0.0
[INFO]   from pom.xml
[INFO] --------------------------------[ jar ]---------------------------------
[INFO] 
[INFO] --- resources:3.3.1:resources (default-resources) @ formcraft-plm ---
[INFO] Copying 1 resource from src/main/resources to target/classes
[INFO] Copying 2 resources from src/main/resources to target/classes
[INFO] 
[INFO] --- compiler:3.11.0:compile (default-compile) @ formcraft-plm ---
[INFO] Changes detected - recompiling the module! :source
[INFO] Compiling 121 source files with javac [debug release 21] to target/classes
[INFO] 
[INFO] --- resources:3.3.1:testResources (default-testResources) @ formcraft-plm ---
[INFO] Copying 1 resource from src/test/resources to target/test-classes
[INFO] 
[INFO] --- compiler:3.11.0:testCompile (default-testCompile) @ formcraft-plm ---
[INFO] Changes detected - recompiling the module! :dependency
[INFO] Compiling 8 source files with javac [debug release 21] to target/test-classes
[INFO] 
[INFO] --- surefire:3.1.2:test (default-test) @ formcraft-plm ---
[INFO] Using auto detected provider org.apache.maven.surefire.junitplatform.JUnitPlatformProvider
[INFO] 
[INFO] -------------------------------------------------------
[INFO]  T E S T S
[INFO] -------------------------------------------------------
[INFO] Running fr.formcraft.repo.auth.AuthServiceTest
WARNING: A Java agent has been loaded dynamically (/root/.m2/repository/net/bytebuddy/byte-buddy-agent/1.14.13/byte-buddy-agent-1.14.13.jar)
WARNING: If a serviceability tool is in use, please run with -XX:+EnableDynamicAgentLoading to hide this warning
WARNING: If a serviceability tool is not in use, please run with -Djdk.instrument.traceUsage for more information
WARNING: Dynamic loading of agents will be disallowed by default in a future release
OpenJDK 64-Bit Server VM warning: Sharing is only supported for boot loader classes because bootstrap classpath has been appended
[INFO] Tests run: 2, Failures: 0, Errors: 0, Skipped: 0, Time elapsed: 31.56 s -- in fr.formcraft.repo.auth.AuthServiceTest
[INFO] Running fr.formcraft.repo.changerequest.ChangeRequestServiceTest
[ERROR] Tests run: 4, Failures: 0, Errors: 2, Skipped: 0, Time elapsed: 3.446 s <<< FAILURE! -- in fr.formcraft.repo.changerequest.ChangeRequestServiceTest
[ERROR] fr.formcraft.repo.changerequest.ChangeRequestServiceTest.implementRequiresApproved -- Time elapsed: 3.241 s <<< ERROR!
org.mockito.exceptions.misusing.UnnecessaryStubbingException: 

Unnecessary stubbings detected.
Clean & maintainable test code requires zero unnecessary code.
Following stubbings are unnecessary (click to navigate to relevant line of code):
  1. -> at fr.formcraft.repo.changerequest.ChangeRequestServiceTest.setUp(ChangeRequestServiceTest.java:54)
Please remove unnecessary stubbings or use 'lenient' strictness. More info: javadoc for UnnecessaryStubbingException class.
	at org.mockito.junit.jupiter.MockitoExtension.afterEach(MockitoExtension.java:192)
	at java.base/java.util.ArrayList.forEach(ArrayList.java:1596)
	at java.base/java.util.ArrayList.forEach(ArrayList.java:1596)

[ERROR] fr.formcraft.repo.changerequest.ChangeRequestServiceTest.decideOnDraftThrows -- Time elapsed: 0.015 s <<< ERROR!
org.mockito.exceptions.misusing.UnnecessaryStubbingException: 

Unnecessary stubbings detected.
Clean & maintainable test code requires zero unnecessary code.
Following stubbings are unnecessary (click to navigate to relevant line of code):
  1. -> at fr.formcraft.repo.changerequest.ChangeRequestServiceTest.setUp(ChangeRequestServiceTest.java:54)
Please remove unnecessary stubbings or use 'lenient' strictness. More info: javadoc for UnnecessaryStubbingException class.
	at org.mockito.junit.jupiter.MockitoExtension.afterEach(MockitoExtension.java:192)
	at java.base/java.util.ArrayList.forEach(ArrayList.java:1596)
	at java.base/java.util.ArrayList.forEach(ArrayList.java:1596)

[INFO] Running fr.formcraft.repo.formulation.FormulationServiceTest
[ERROR] Tests run: 5, Failures: 0, Errors: 2, Skipped: 0, Time elapsed: 3.189 s <<< FAILURE! -- in fr.formcraft.repo.formulation.FormulationServiceTest
[ERROR] fr.formcraft.repo.formulation.FormulationServiceTest.formulateUnknownProductThrows -- Time elapsed: 0.012 s <<< ERROR!
org.mockito.exceptions.misusing.UnnecessaryStubbingException: 

Unnecessary stubbings detected.
Clean & maintainable test code requires zero unnecessary code.
Following stubbings are unnecessary (click to navigate to relevant line of code):
  1. -> at fr.formcraft.repo.formulation.FormulationServiceTest.formulateUnknownProductThrows(FormulationServiceTest.java:101)
Please remove unnecessary stubbings or use 'lenient' strictness. More info: javadoc for UnnecessaryStubbingException class.
	at org.mockito.junit.jupiter.MockitoExtension.afterEach(MockitoExtension.java:192)
	at java.base/java.util.ArrayList.forEach(ArrayList.java:1596)
	at java.base/java.util.ArrayList.forEach(ArrayList.java:1596)

[ERROR] fr.formcraft.repo.formulation.FormulationServiceTest.formulateEmptyCompositionGeneratesWarning -- Time elapsed: 0.037 s <<< ERROR!
org.mockito.exceptions.misusing.UnnecessaryStubbingException: 

Unnecessary stubbings detected.
Clean & maintainable test code requires zero unnecessary code.
Following stubbings are unnecessary (click to navigate to relevant line of code):
  1. -> at fr.formcraft.repo.formulation.FormulationServiceTest.formulateEmptyCompositionGeneratesWarning(FormulationServiceTest.java:141)
Please remove unnecessary stubbings or use 'lenient' strictness. More info: javadoc for UnnecessaryStubbingException class.
	at org.mockito.junit.jupiter.MockitoExtension.afterEach(MockitoExtension.java:192)
	at java.base/java.util.ArrayList.forEach(ArrayList.java:1596)
	at java.base/java.util.ArrayList.forEach(ArrayList.java:1596)

[INFO] Running fr.formcraft.repo.inventory.InventoryServiceTest
[INFO] Tests run: 4, Failures: 0, Errors: 0, Skipped: 0, Time elapsed: 0.537 s -- in fr.formcraft.repo.inventory.InventoryServiceTest
[INFO] Running fr.formcraft.repo.nonconformance.NonConformanceServiceTest
[ERROR] Tests run: 5, Failures: 0, Errors: 3, Skipped: 0, Time elapsed: 0.780 s <<< FAILURE! -- in fr.formcraft.repo.nonconformance.NonConformanceServiceTest
[ERROR] fr.formcraft.repo.nonconformance.NonConformanceServiceTest.closeActionRejectsMismatchedNc -- Time elapsed: 0.724 s <<< ERROR!
org.mockito.exceptions.misusing.UnnecessaryStubbingException: 

Unnecessary stubbings detected.
Clean & maintainable test code requires zero unnecessary code.
Following stubbings are unnecessary (click to navigate to relevant line of code):
  1. -> at fr.formcraft.repo.nonconformance.NonConformanceServiceTest.setUp(NonConformanceServiceTest.java:59)
Please remove unnecessary stubbings or use 'lenient' strictness. More info: javadoc for UnnecessaryStubbingException class.
	at org.mockito.junit.jupiter.MockitoExtension.afterEach(MockitoExtension.java:192)
	at java.base/java.util.ArrayList.forEach(ArrayList.java:1596)
	at java.base/java.util.ArrayList.forEach(ArrayList.java:1596)

[ERROR] fr.formcraft.repo.nonconformance.NonConformanceServiceTest.closeFailsWithOpenCapa -- Time elapsed: 0.006 s <<< ERROR!
org.mockito.exceptions.misusing.UnnecessaryStubbingException: 

Unnecessary stubbings detected.
Clean & maintainable test code requires zero unnecessary code.
Following stubbings are unnecessary (click to navigate to relevant line of code):
  1. -> at fr.formcraft.repo.nonconformance.NonConformanceServiceTest.setUp(NonConformanceServiceTest.java:59)
Please remove unnecessary stubbings or use 'lenient' strictness. More info: javadoc for UnnecessaryStubbingException class.
	at org.mockito.junit.jupiter.MockitoExtension.afterEach(MockitoExtension.java:192)
	at java.base/java.util.ArrayList.forEach(ArrayList.java:1596)
	at java.base/java.util.ArrayList.forEach(ArrayList.java:1596)

[ERROR] fr.formcraft.repo.nonconformance.NonConformanceServiceTest.cannotAddActionToClosedNc -- Time elapsed: 0.003 s <<< ERROR!
org.mockito.exceptions.misusing.UnnecessaryStubbingException: 

Unnecessary stubbings detected.
Clean & maintainable test code requires zero unnecessary code.
Following stubbings are unnecessary (click to navigate to relevant line of code):
  1. -> at fr.formcraft.repo.nonconformance.NonConformanceServiceTest.setUp(NonConformanceServiceTest.java:59)
Please remove unnecessary stubbings or use 'lenient' strictness. More info: javadoc for UnnecessaryStubbingException class.
	at org.mockito.junit.jupiter.MockitoExtension.afterEach(MockitoExtension.java:192)
	at java.base/java.util.ArrayList.forEach(ArrayList.java:1596)
	at java.base/java.util.ArrayList.forEach(ArrayList.java:1596)

[INFO] Running fr.formcraft.repo.product.ProductServiceTest
[INFO] Tests run: 5, Failures: 0, Errors: 0, Skipped: 0, Time elapsed: 0.040 s -- in fr.formcraft.repo.product.ProductServiceTest
[INFO] Running fr.formcraft.repo.workflow.WorkflowServiceTest
[INFO] Tests run: 3, Failures: 0, Errors: 0, Skipped: 0, Time elapsed: 0.251 s -- in fr.formcraft.repo.workflow.WorkflowServiceTest
[INFO] Running fr.formcraft.security.JwtServiceTest
[INFO] Tests run: 3, Failures: 0, Errors: 0, Skipped: 0, Time elapsed: 0.048 s -- in fr.formcraft.security.JwtServiceTest
[INFO] 
[INFO] Results:
[INFO] 
[ERROR] Errors: 
[ERROR]   ChangeRequestServiceTest.decideOnDraftThrows » UnnecessaryStubbing 
Unnecessary stubbings detected.
Clean & maintainable test code requires zero unnecessary code.
Following stubbings are unnecessary (click to navigate to relevant line of code):
  1. -> at fr.formcraft.repo.changerequest.ChangeRequestServiceTest.setUp(ChangeRequestServiceTest.java:54)
Please remove unnecessary stubbings or use 'lenient' strictness. More info: javadoc for UnnecessaryStubbingException class.
[ERROR]   ChangeRequestServiceTest.implementRequiresApproved » UnnecessaryStubbing 
Unnecessary stubbings detected.
Clean & maintainable test code requires zero unnecessary code.
Following stubbings are unnecessary (click to navigate to relevant line of code):
  1. -> at fr.formcraft.repo.changerequest.ChangeRequestServiceTest.setUp(ChangeRequestServiceTest.java:54)
Please remove unnecessary stubbings or use 'lenient' strictness. More info: javadoc for UnnecessaryStubbingException class.
[ERROR]   FormulationServiceTest.formulateEmptyCompositionGeneratesWarning » UnnecessaryStubbing 
Unnecessary stubbings detected.
Clean & maintainable test code requires zero unnecessary code.
Following stubbings are unnecessary (click to navigate to relevant line of code):
  1. -> at fr.formcraft.repo.formulation.FormulationServiceTest.formulateEmptyCompositionGeneratesWarning(FormulationServiceTest.java:141)
Please remove unnecessary stubbings or use 'lenient' strictness. More info: javadoc for UnnecessaryStubbingException class.
[ERROR]   FormulationServiceTest.formulateUnknownProductThrows » UnnecessaryStubbing 
Unnecessary stubbings detected.
Clean & maintainable test code requires zero unnecessary code.
Following stubbings are unnecessary (click to navigate to relevant line of code):
  1. -> at fr.formcraft.repo.formulation.FormulationServiceTest.formulateUnknownProductThrows(FormulationServiceTest.java:101)
Please remove unnecessary stubbings or use 'lenient' strictness. More info: javadoc for UnnecessaryStubbingException class.
[ERROR]   NonConformanceServiceTest.cannotAddActionToClosedNc » UnnecessaryStubbing 
Unnecessary stubbings detected.
Clean & maintainable test code requires zero unnecessary code.
Following stubbings are unnecessary (click to navigate to relevant line of code):
  1. -> at fr.formcraft.repo.nonconformance.NonConformanceServiceTest.setUp(NonConformanceServiceTest.java:59)
Please remove unnecessary stubbings or use 'lenient' strictness. More info: javadoc for UnnecessaryStubbingException class.
[ERROR]   NonConformanceServiceTest.closeActionRejectsMismatchedNc » UnnecessaryStubbing 
Unnecessary stubbings detected.
Clean & maintainable test code requires zero unnecessary code.
Following stubbings are unnecessary (click to navigate to relevant line of code):
  1. -> at fr.formcraft.repo.nonconformance.NonConformanceServiceTest.setUp(NonConformanceServiceTest.java:59)
Please remove unnecessary stubbings or use 'lenient' strictness. More info: javadoc for UnnecessaryStubbingException class.
[ERROR]   NonConformanceServiceTest.closeFailsWithOpenCapa » UnnecessaryStubbing 
Unnecessary stubbings detected.
Clean & maintainable test code requires zero unnecessary code.
Following stubbings are unnecessary (click to navigate to relevant line of code):
  1. -> at fr.formcraft.repo.nonconformance.NonConformanceServiceTest.setUp(NonConformanceServiceTest.java:59)
Please remove unnecessary stubbings or use 'lenient' strictness. More info: javadoc for UnnecessaryStubbingException class.
[INFO] 
[ERROR] Tests run: 31, Failures: 0, Errors: 7, Skipped: 0
[INFO] 
[INFO] ------------------------------------------------------------------------
[INFO] BUILD FAILURE
[INFO] ------------------------------------------------------------------------
[INFO] Total time:  06:40 min
[INFO] Finished at: 2026-08-31T15:26:52Z
[INFO] ------------------------------------------------------------------------
[ERROR] Failed to execute goal org.apache.maven.plugins:maven-surefire-plugin:3.1.2:test (default-test) on project formcraft-plm: 
[ERROR] 
[ERROR] Please refer to /build/target/surefire-reports for the individual test results.
[ERROR] Please refer to dump files (if any exist) [date].dump, [date]-jvmRun[N].dump and [date].dumpstream.
[ERROR] -> [Help 1]
[ERROR] 
[ERROR] To see the full stack trace of the errors, re-run Maven with the -e switch.
[ERROR] Re-run Maven using the -X switch to enable full debug logging.
[ERROR] 
[ERROR] For more information about the errors and possible solutions, please read the following articles:
[ERROR] [Help 1] http://cwiki.apache.org/confluence/display/MAVEN/MojoFailureException
